   ,     #_
   ~\_  ####_        Amazon Linux 2023
  ~~  \_#####\
  ~~     \###|
  ~~       \#/ ___   https://aws.amazon.com/linux/amazon-linux-2023
   ~~       V~' '->
    ~~~         /
      ~~._.   _/
         _/ _/
       _/m/'
Last login: Sun Jan 26 07:21:50 2025 from 13.233.177.4
[ec2-user@ip-10-0-2-45 ~]$ git -v
git version 2.47.1
[ec2-user@ip-10-0-2-45 ~]$ 
[ec2-user@ip-10-0-2-45 ~]$ 
[ec2-user@ip-10-0-2-45 ~]$ sudo su
[root@ip-10-0-2-45 ec2-user]# 
[root@ip-10-0-2-45 ec2-user]# 
[root@ip-10-0-2-45 ec2-user]# ls -lrth 
total 0
[root@ip-10-0-2-45 ec2-user]# cd cd ~/
bash: cd: too many arguments
[root@ip-10-0-2-45 ec2-user]# cd ~/
[root@ip-10-0-2-45 ~]# 
[root@ip-10-0-2-45 ~]# 
[root@ip-10-0-2-45 ~]# ls -lrth 
total 0
[root@ip-10-0-2-45 ~]# cd /home/
[root@ip-10-0-2-45 home]# ls -lrth 
total 0
drwx------. 3 ec2-user ec2-user 95 Jan 25 07:16 ec2-user
[root@ip-10-0-2-45 home]# mkdir git_repo_mum
[root@ip-10-0-2-45 home]# 
[root@ip-10-0-2-45 home]# 
[root@ip-10-0-2-45 home]# ~/.ssh/
bash: /root/.ssh/: Is a directory
[root@ip-10-0-2-45 home]# ls -lrth 
total 0
drwx------. 3 ec2-user ec2-user 95 Jan 25 07:16 ec2-user
drwxr-xr-x. 2 root     root      6 Jan 26 07:51 git_repo_mum
[root@ip-10-0-2-45 home]# cd ~/.ssh/
[root@ip-10-0-2-45 .ssh]# ls -lrth 
total 4.0K
-rw-------. 1 root root 553 Jan 25 06:33 authorized_keys
[root@ip-10-0-2-45 .ssh]# 
[root@ip-10-0-2-45 .ssh]# 
[root@ip-10-0-2-45 .ssh]# ssh-keygen
Generating public/private rsa key pair.
Enter file in which to save the key (/root/.ssh/id_rsa): 
Enter passphrase (empty for no passphrase): 
Enter same passphrase again: 
Your identification has been saved in /root/.ssh/id_rsa
Your public key has been saved in /root/.ssh/id_rsa.pub
The key fingerprint is:
SHA256:hODozMz2KilSkd7mP9TKV/BzvsoxdvrJaqHft+aBcwM root@ip-10-0-2-45.ap-south-1.compute.internal
The key's randomart image is:
+---[RSA 3072]----+
|    .            |
|   o . .         |
|  ... . .        |
| *o    ..        |
| .Bo   .So  E    |
| .o.o . . = .o   |
| o o.o . o+=+ +  |
|=  .. + oo.B.+oo |
|o..  ..o o*+*=o. |
+----[SHA256]-----+
[root@ip-10-0-2-45 .ssh]# 
[root@ip-10-0-2-45 .ssh]# 
[root@ip-10-0-2-45 .ssh]# ls -lrth 
total 12K
-rw-------. 1 root root  553 Jan 25 06:33 authorized_keys
-rw-r--r--. 1 root root  599 Jan 26 07:52 id_rsa.pub
-rw-------. 1 root root 2.6K Jan 26 07:52 id_rsa
[root@ip-10-0-2-45 .ssh]# 
[root@ip-10-0-2-45 .ssh]# 
[root@ip-10-0-2-45 .ssh]# 
[root@ip-10-0-2-45 .ssh]# cat id_rsa.pub 
ssh-rsa AAAAB3NzaC1yc2EAAAADAQABAAABgQDHKA7SMTDS3779wI0Kiq9nxIYiX6EIBZdXIj31Rhs3nbNfZSjdktPq2r/HfIXDegvMTvnRgOWmIjzeRMMcLKRcx7M/FnANs5rnwuG6jLn9vDbl625z3lwJCrE59wUCmo8iQzPMq6szEibut1rU+qz4jAwsS93cHrIYGHrR11Vi7RUci68s8FrivSky2ieDYzqeyW5dB/zwy/W2vgact8JPfYV8qHjLJ/ZJevJ+bTOD3OZk9NEkXSIwaLbaqm9KAo6Qq/n1QNc+4eYPnqwZm/hqGhW5WDMf3sW5T3db02+GLd8Bu75m7ou+E6eOjGG8viJXFhfAEdspq7k/GD6zzkqn3EkRweQgG9FtWXUe/SPKO1OmXaDOwDizbLyZXKD/jRKDTEn0ce5PBZ5KJ2ogAdLJ9srQZ14T4eKSP4mo9/Jr09IcFu7E6x9s/rHNC3NOtz0mDHJCcDaCZNCxj+uPka6o9kJKMIWZW+M8FKVUf5amWnPkz3fsQxj1ab/JpicgEuE= root@ip-10-0-2-45.ap-south-1.compute.internal
[root@ip-10-0-2-45 .ssh]# ^C
[root@ip-10-0-2-45 .ssh]# 
[root@ip-10-0-2-45 .ssh]# 
[root@ip-10-0-2-45 .ssh]# 
[root@ip-10-0-2-45 .ssh]# cd /home/
[root@ip-10-0-2-45 home]# l s-lrth 
bash: l: command not found
[root@ip-10-0-2-45 home]# ls -lrth 
total 0
drwx------. 3 ec2-user ec2-user 95 Jan 25 07:16 ec2-user
drwxr-xr-x. 2 root     root      6 Jan 26 07:51 git_repo_mum
[root@ip-10-0-2-45 home]# cd git_repo_mum/
[root@ip-10-0-2-45 git_repo_mum]# 
[root@ip-10-0-2-45 git_repo_mum]# 
[root@ip-10-0-2-45 git_repo_mum]# 
[root@ip-10-0-2-45 git_repo_mum]# git clone git@github.com:divyanshutest/2025_test.git
Cloning into '2025_test'...
The authenticity of host 'github.com (20.207.73.82)' can't be established.
ED25519 key fingerprint is SHA256:+DiY3wvvV6TuJJhbpZisF/zLDA0zPMSvHdkr4UvCOqU.
This key is not known by any other names
Are you sure you want to continue connecting (yes/no/[fingerprint])? yes
Warning: Permanently added 'github.com' (ED25519) to the list of known hosts.
remote: Enumerating objects: 3, done.
remote: Counting objects: 100% (3/3), done.
remote: Total 3 (delta 0), reused 0 (delta 0), pack-reused 0 (from 0)
Receiving objects: 100% (3/3), done.
[root@ip-10-0-2-45 git_repo_mum]# 
[root@ip-10-0-2-45 git_repo_mum]# 
[root@ip-10-0-2-45 git_repo_mum]# ls -rth 
2025_test
[root@ip-10-0-2-45 git_repo_mum]# ls -lrth 
total 0
drwxr-xr-x. 3 root root 35 Jan 26 07:58 2025_test
[root@ip-10-0-2-45 git_repo_mum]# cd 2025_test/
[root@ip-10-0-2-45 2025_test]# ls -lrth 
total 4.0K
-rw-r--r--. 1 root root 11 Jan 26 07:58 README.md
[root@ip-10-0-2-45 2025_test]# git branch 
* main
[root@ip-10-0-2-45 2025_test]# 
[root@ip-10-0-2-45 2025_test]# 
[root@ip-10-0-2-45 2025_test]# 
[root@ip-10-0-2-45 2025_test]# git checkout -b diyanshu
Switched to a new branch 'diyanshu'
[root@ip-10-0-2-45 2025_test]# git branch 
* diyanshu
  main
[root@ip-10-0-2-45 2025_test]# 
[root@ip-10-0-2-45 2025_test]# ls -lrth 
total 4.0K
-rw-r--r--. 1 root root 11 Jan 26 07:58 README.md
[root@ip-10-0-2-45 2025_test]# 
[root@ip-10-0-2-45 2025_test]# 
[root@ip-10-0-2-45 2025_test]# vi test.txt
[root@ip-10-0-2-45 2025_test]# 
[root@ip-10-0-2-45 2025_test]# 
[root@ip-10-0-2-45 2025_test]# 
[root@ip-10-0-2-45 2025_test]# ls -lrth 
total 8.0K
-rw-r--r--. 1 root root 11 Jan 26 07:58 README.md
-rw-r--r--. 1 root root 29 Jan 26 08:00 test.txt
[root@ip-10-0-2-45 2025_test]# 
[root@ip-10-0-2-45 2025_test]# 
[root@ip-10-0-2-45 2025_test]# git branch 
* diyanshu
  main
[root@ip-10-0-2-45 2025_test]# git status 
On branch diyanshu
Untracked files:
  (use "git add <file>..." to include in what will be committed)
        test.txt

nothing added to commit but untracked files present (use "git add" to track)
[root@ip-10-0-2-45 2025_test]# git add test.txt
[root@ip-10-0-2-45 2025_test]# git status
On branch diyanshu
Changes to be committed:
  (use "git restore --staged <file>..." to unstage)
        new file:   test.txt

[root@ip-10-0-2-45 2025_test]# git commit -m "created my first test file"
[diyanshu 9d4aa37] created my first test file
 Committer: divyanshu <root@ip-10-0-2-45.ap-south-1.compute.internal>
Your name and email address were configured automatically based
on your username and hostname. Please check that they are accurate.
You can suppress this message by setting them explicitly:

    git config --global user.name "Your Name"
    git config --global user.email you@example.com

After doing this, you may fix the identity used for this commit with:

    git commit --amend --reset-author

 1 file changed, 2 insertions(+)
 create mode 100644 test.txt
[root@ip-10-0-2-45 2025_test]# git push 
fatal: The current branch diyanshu has no upstream branch.
To push the current branch and set the remote as upstream, use

    git push --set-upstream origin diyanshu

To have this happen automatically for branches without a tracking
upstream, see 'push.autoSetupRemote' in 'git help config'.

[root@ip-10-0-2-45 2025_test]# git push --set-upstream origin diyanshu
Enumerating objects: 4, done.
Counting objects: 100% (4/4), done.
Compressing objects: 100% (2/2), done.
Writing objects: 100% (3/3), 327 bytes | 327.00 KiB/s, done.
Total 3 (delta 0), reused 0 (delta 0), pack-reused 0 (from 0)
remote: 
remote: Create a pull request for 'diyanshu' on GitHub by visiting:
remote:      https://github.com/divyanshutest/2025_test/pull/new/diyanshu
remote: 
To github.com:divyanshutest/2025_test.git
 * [new branch]      diyanshu -> diyanshu
branch 'diyanshu' set up to track 'origin/diyanshu'.
[root@ip-10-0-2-45 2025_test]# 
[root@ip-10-0-2-45 2025_test]# 
[root@ip-10-0-2-45 2025_test]# 
[root@ip-10-0-2-45 2025_test]# git branch 
* diyanshu
  main
[root@ip-10-0-2-45 2025_test]# l s-lrth 
bash: l: command not found
[root@ip-10-0-2-45 2025_test]# ls -lrth
total 8.0K
-rw-r--r--. 1 root root 11 Jan 26 07:58 README.md
-rw-r--r--. 1 root root 29 Jan 26 08:00 test.txt
[root@ip-10-0-2-45 2025_test]# echo "hi this rahjesh" > test1.txt
[root@ip-10-0-2-45 2025_test]# ls -lrth 
total 12K
-rw-r--r--. 1 root root 11 Jan 26 07:58 README.md
-rw-r--r--. 1 root root 29 Jan 26 08:00 test.txt
-rw-r--r--. 1 root root 16 Jan 26 08:07 test1.txt
[root@ip-10-0-2-45 2025_test]# cat test1.txt 
hi this rahjesh
[root@ip-10-0-2-45 2025_test]# 
[root@ip-10-0-2-45 2025_test]# 
[root@ip-10-0-2-45 2025_test]# 
[root@ip-10-0-2-45 2025_test]# git status
On branch diyanshu
Your branch is up to date with 'origin/diyanshu'.

Untracked files:
  (use "git add <file>..." to include in what will be committed)
        test1.txt

nothing added to commit but untracked files present (use "git add" to track)
[root@ip-10-0-2-45 2025_test]# echo "new line rajesh" >>test.txt 
[root@ip-10-0-2-45 2025_test]# ls -lrth 
total 12K
-rw-r--r--. 1 root root 11 Jan 26 07:58 README.md
-rw-r--r--. 1 root root 16 Jan 26 08:07 test1.txt
-rw-r--r--. 1 root root 45 Jan 26 08:08 test.txt
[root@ip-10-0-2-45 2025_test]# cat test.txt 
this is my test file
testing
new line rajesh
[root@ip-10-0-2-45 2025_test]# git sttaus 
git: 'sttaus' is not a git command. See 'git --help'.

The most similar command is
        status
[root@ip-10-0-2-45 2025_test]# git status
On branch diyanshu
Your branch is up to date with 'origin/diyanshu'.

Changes not staged for commit:
  (use "git add <file>..." to update what will be committed)
  (use "git restore <file>..." to discard changes in working directory)
        modified:   test.txt

Untracked files:
  (use "git add <file>..." to include in what will be committed)
        test1.txt

no changes added to commit (use "git add" and/or "git commit -a")
[root@ip-10-0-2-45 2025_test]# 
[root@ip-10-0-2-45 2025_test]# 
[root@ip-10-0-2-45 2025_test]# git add .
[root@ip-10-0-2-45 2025_test]# 
[root@ip-10-0-2-45 2025_test]# 
[root@ip-10-0-2-45 2025_test]# git status
On branch diyanshu
Your branch is up to date with 'origin/diyanshu'.

Changes to be committed:
  (use "git restore --staged <file>..." to unstage)
        modified:   test.txt
        new file:   test1.txt

[root@ip-10-0-2-45 2025_test]# 
[root@ip-10-0-2-45 2025_test]# 
[root@ip-10-0-2-45 2025_test]# git commit -m "addded new file  and modified existing"
[diyanshu f643114] addded new file  and modified existing
 Committer: divyanshu <root@ip-10-0-2-45.ap-south-1.compute.internal>
Your name and email address were configured automatically based
on your username and hostname. Please check that they are accurate.
You can suppress this message by setting them explicitly:

    git config --global user.name "Your Name"
    git config --global user.email you@example.com

After doing this, you may fix the identity used for this commit with:

    git commit --amend --reset-author

 2 files changed, 2 insertions(+)
 create mode 100644 test1.txt
[root@ip-10-0-2-45 2025_test]# git push 
Enumerating objects: 6, done.
Counting objects: 100% (6/6), done.
Compressing objects: 100% (2/2), done.
Writing objects: 100% (4/4), 403 bytes | 403.00 KiB/s, done.
Total 4 (delta 0), reused 0 (delta 0), pack-reused 0 (from 0)
To github.com:divyanshutest/2025_test.git
   9d4aa37..f643114  diyanshu -> diyanshu
[root@ip-10-0-2-45 2025_test]# 